// Vitest Snapshot v1, https://vitest.dev/guide/snapshot.html

exports[`buttonVariants > produces the expected class string for every variant × size combination 1`] = `
{
  "default": {
    "default": "inline-flex items-center justify-center gap-2 whitespace-nowrap rounded-lg text-sm transition-all duration-200 motion-safe:active:scale-95 disabled:pointer-events-none disabled:opacity-50 [&_svg]:pointer-events-none [&_svg]:shrink-0 bg-primary text-primary-foreground font-semibold tracking-tight shadow hover:bg-primary/90 motion-safe:hover:-translate-y-px hover:shadow-md h-10 px-4 py-2 [&_svg]:size-4",
    "hero": "inline-flex items-center justify-center gap-2 whitespace-nowrap rounded-lg text-sm transition-all duration-200 motion-safe:active:scale-95 disabled:pointer-events-none disabled:opacity-50 [&_svg]:pointer-events-none [&_svg]:shrink-0 bg-primary text-primary-foreground font-semibold tracking-tight shadow hover:bg-primary/90 motion-safe:hover:-translate-y-px hover:shadow-md h-12 px-6 text-base gap-3 shadow-lg [&_svg]:size-5",
    "icon": "inline-flex items-center justify-center gap-2 whitespace-nowrap rounded-lg text-sm transition-all duration-200 motion-safe:active:scale-95 disabled:pointer-events-none disabled:opacity-50 [&_svg]:pointer-events-none [&_svg]:shrink-0 bg-primary text-primary-foreground font-semibold tracking-tight shadow hover:bg-primary/90 motion-safe:hover:-translate-y-px hover:shadow-md h-10 w-10 [&_svg]:size-5",
    "icon-sm": "inline-flex items-center justify-center gap-2 whitespace-nowrap rounded-lg text-sm transition-all duration-200 motion-safe:active:scale-95 disabled:pointer-events-none disabled:opacity-50 [&_svg]:pointer-events-none [&_svg]:shrink-0 bg-primary text-primary-foreground font-semibold tracking-tight shadow hover:bg-primary/90 motion-safe:hover:-translate-y-px hover:shadow-md h-8 w-8 [&_svg]:size-4",
    "icon-xs": "inline-flex items-center justify-center gap-2 whitespace-nowrap rounded-lg text-sm transition-all duration-200 motion-safe:active:scale-95 disabled:pointer-events-none disabled:opacity-50 [&_svg]:pointer-events-none [&_svg]:shrink-0 bg-primary text-primary-foreground font-semibold tracking-tight shadow hover:bg-primary/90 motion-safe:hover:-translate-y-px hover:shadow-md h-7 w-7 [&_svg]:size-3.5",
    "lg": "inline-flex items-center justify-center gap-2 whitespace-nowrap rounded-lg text-sm transition-all duration-200 motion-safe:active:scale-95 disabled:pointer-events-none disabled:opacity-50 [&_svg]:pointer-events-none [&_svg]:shrink-0 bg-primary text-primary-foreground font-semibold tracking-tight shadow hover:bg-primary/90 motion-safe:hover:-translate-y-px hover:shadow-md h-11 px-8 [&_svg]:size-5",
    "sm": "inline-flex items-center justify-center gap-2 whitespace-nowrap rounded-lg text-sm transition-all duration-200 motion-safe:active:scale-95 disabled:pointer-events-none disabled:opacity-50 [&_svg]:pointer-events-none [&_svg]:shrink-0 bg-primary text-primary-foreground font-semibold tracking-tight shadow hover:bg-primary/90 motion-safe:hover:-translate-y-px hover:shadow-md h-9 px-3 text-xs [&_svg]:size-3.5",
  },
  "destructive": {
    "default": "inline-flex items-center justify-center gap-2 whitespace-nowrap rounded-lg text-sm transition-all duration-200 motion-safe:active:scale-95 disabled:pointer-events-none disabled:opacity-50 [&_svg]:pointer-events-none [&_svg]:shrink-0 bg-destructive text-destructive-foreground font-semibold tracking-tight shadow hover:bg-destructive/90 motion-safe:hover:-translate-y-px hover:shadow-md active:scale-100 active:ring-4 active:ring-destructive/20 h-10 px-4 py-2 [&_svg]:size-4",
    "hero": "inline-flex items-center justify-center gap-2 whitespace-nowrap rounded-lg text-sm transition-all duration-200 motion-safe:active:scale-95 disabled:pointer-events-none disabled:opacity-50 [&_svg]:pointer-events-none [&_svg]:shrink-0 bg-destructive text-destructive-foreground font-semibold tracking-tight shadow hover:bg-destructive/90 motion-safe:hover:-translate-y-px hover:shadow-md active:scale-100 active:ring-4 active:ring-destructive/20 h-12 px-6 text-base gap-3 shadow-lg [&_svg]:size-5",
    "icon": "inline-flex items-center justify-center gap-2 whitespace-nowrap rounded-lg text-sm transition-all duration-200 motion-safe:active:scale-95 disabled:pointer-events-none disabled:opacity-50 [&_svg]:pointer-events-none [&_svg]:shrink-0 bg-destructive text-destructive-foreground font-semibold tracking-tight shadow hover:bg-destructive/90 motion-safe:hover:-translate-y-px hover:shadow-md active:scale-100 active:ring-4 active:ring-destructive/20 h-10 w-10 [&_svg]:size-5",
    "icon-sm": "inline-flex items-center justify-center gap-2 whitespace-nowrap rounded-lg text-sm transition-all duration-200 motion-safe:active:scale-95 disabled:pointer-events-none disabled:opacity-50 [&_svg]:pointer-events-none [&_svg]:shrink-0 bg-destructive text-destructive-foreground font-semibold tracking-tight shadow hover:bg-destructive/90 motion-safe:hover:-translate-y-px hover:shadow-md active:scale-100 active:ring-4 active:ring-destructive/20 h-8 w-8 [&_svg]:size-4",
    "icon-xs": "inline-flex items-center justify-center gap-2 whitespace-nowrap rounded-lg text-sm transition-all duration-200 motion-safe:active:scale-95 disabled:pointer-events-none disabled:opacity-50 [&_svg]:pointer-events-none [&_svg]:shrink-0 bg-destructive text-destructive-foreground font-semibold tracking-tight shadow hover:bg-destructive/90 motion-safe:hover:-translate-y-px hover:shadow-md active:scale-100 active:ring-4 active:ring-destructive/20 h-7 w-7 [&_svg]:size-3.5",
    "lg": "inline-flex items-center justify-center gap-2 whitespace-nowrap rounded-lg text-sm transition-all duration-200 motion-safe:active:scale-95 disabled:pointer-events-none disabled:opacity-50 [&_svg]:pointer-events-none [&_svg]:shrink-0 bg-destructive text-destructive-foreground font-semibold tracking-tight shadow hover:bg-destructive/90 motion-safe:hover:-translate-y-px hover:shadow-md active:scale-100 active:ring-4 active:ring-destructive/20 h-11 px-8 [&_svg]:size-5",
    "sm": "inline-flex items-center justify-center gap-2 whitespace-nowrap rounded-lg text-sm transition-all duration-200 motion-safe:active:scale-95 disabled:pointer-events-none disabled:opacity-50 [&_svg]:pointer-events-none [&_svg]:shrink-0 bg-destructive text-destructive-foreground font-semibold tracking-tight shadow hover:bg-destructive/90 motion-safe:hover:-translate-y-px hover:shadow-md active:scale-100 active:ring-4 active:ring-destructive/20 h-9 px-3 text-xs [&_svg]:size-3.5",
  },
  "ghost": {
    "default": "inline-flex items-center justify-center gap-2 whitespace-nowrap rounded-lg text-sm transition-all duration-200 motion-safe:active:scale-95 disabled:pointer-events-none disabled:opacity-50 [&_svg]:pointer-events-none [&_svg]:shrink-0 font-medium hover:bg-accent hover:text-accent-foreground h-10 px-4 py-2 [&_svg]:size-4",
    "hero": "inline-flex items-center justify-center gap-2 whitespace-nowrap rounded-lg text-sm transition-all duration-200 motion-safe:active:scale-95 disabled:pointer-events-none disabled:opacity-50 [&_svg]:pointer-events-none [&_svg]:shrink-0 font-medium hover:bg-accent hover:text-accent-foreground h-12 px-6 text-base gap-3 shadow-lg [&_svg]:size-5",
    "icon": "inline-flex items-center justify-center gap-2 whitespace-nowrap rounded-lg text-sm transition-all duration-200 motion-safe:active:scale-95 disabled:pointer-events-none disabled:opacity-50 [&_svg]:pointer-events-none [&_svg]:shrink-0 font-medium hover:bg-accent hover:text-accent-foreground h-10 w-10 [&_svg]:size-5",
    "icon-sm": "inline-flex items-center justify-center gap-2 whitespace-nowrap rounded-lg text-sm transition-all duration-200 motion-safe:active:scale-95 disabled:pointer-events-none disabled:opacity-50 [&_svg]:pointer-events-none [&_svg]:shrink-0 font-medium hover:bg-accent hover:text-accent-foreground h-8 w-8 [&_svg]:size-4",
    "icon-xs": "inline-flex items-center justify-center gap-2 whitespace-nowrap rounded-lg text-sm transition-all duration-200 motion-safe:active:scale-95 disabled:pointer-events-none disabled:opacity-50 [&_svg]:pointer-events-none [&_svg]:shrink-0 font-medium hover:bg-accent hover:text-accent-foreground h-7 w-7 [&_svg]:size-3.5",
    "lg": "inline-flex items-center justify-center gap-2 whitespace-nowrap rounded-lg text-sm transition-all duration-200 motion-safe:active:scale-95 disabled:pointer-events-none disabled:opacity-50 [&_svg]:pointer-events-none [&_svg]:shrink-0 font-medium hover:bg-accent hover:text-accent-foreground h-11 px-8 [&_svg]:size-5",
    "sm": "inline-flex items-center justify-center gap-2 whitespace-nowrap rounded-lg text-sm transition-all duration-200 motion-safe:active:scale-95 disabled:pointer-events-none disabled:opacity-50 [&_svg]:pointer-events-none [&_svg]:shrink-0 font-medium hover:bg-accent hover:text-accent-foreground h-9 px-3 text-xs [&_svg]:size-3.5",
  },
  "link": {
    "default": "inline-flex items-center justify-center gap-2 whitespace-nowrap rounded-lg text-sm transition-all duration-200 motion-safe:active:scale-95 disabled:pointer-events-none disabled:opacity-50 [&_svg]:pointer-events-none [&_svg]:shrink-0 text-link font-medium underline underline-offset-[3px] decoration-1 hover:decoration-2 hover:underline-offset-4 active:scale-100 duration-150 h-10 px-4 py-2 [&_svg]:size-4",
    "hero": "inline-flex items-center justify-center gap-2 whitespace-nowrap rounded-lg text-sm transition-all duration-200 motion-safe:active:scale-95 disabled:pointer-events-none disabled:opacity-50 [&_svg]:pointer-events-none [&_svg]:shrink-0 text-link font-medium underline underline-offset-[3px] decoration-1 hover:decoration-2 hover:underline-offset-4 active:scale-100 duration-150 h-12 px-6 text-base gap-3 shadow-lg [&_svg]:size-5",
    "icon": "inline-flex items-center justify-center gap-2 whitespace-nowrap rounded-lg text-sm transition-all duration-200 motion-safe:active:scale-95 disabled:pointer-events-none disabled:opacity-50 [&_svg]:pointer-events-none [&_svg]:shrink-0 text-link font-medium underline underline-offset-[3px] decoration-1 hover:decoration-2 hover:underline-offset-4 active:scale-100 duration-150 h-10 w-10 [&_svg]:size-5",
    "icon-sm": "inline-flex items-center justify-center gap-2 whitespace-nowrap rounded-lg text-sm transition-all duration-200 motion-safe:active:scale-95 disabled:pointer-events-none disabled:opacity-50 [&_svg]:pointer-events-none [&_svg]:shrink-0 text-link font-medium underline underline-offset-[3px] decoration-1 hover:decoration-2 hover:underline-offset-4 active:scale-100 duration-150 h-8 w-8 [&_svg]:size-4",
    "icon-xs": "inline-flex items-center justify-center gap-2 whitespace-nowrap rounded-lg text-sm transition-all duration-200 motion-safe:active:scale-95 disabled:pointer-events-none disabled:opacity-50 [&_svg]:pointer-events-none [&_svg]:shrink-0 text-link font-medium underline underline-offset-[3px] decoration-1 hover:decoration-2 hover:underline-offset-4 active:scale-100 duration-150 h-7 w-7 [&_svg]:size-3.5",
    "lg": "inline-flex items-center justify-center gap-2 whitespace-nowrap rounded-lg text-sm transition-all duration-200 motion-safe:active:scale-95 disabled:pointer-events-none disabled:opacity-50 [&_svg]:pointer-events-none [&_svg]:shrink-0 text-link font-medium underline underline-offset-[3px] decoration-1 hover:decoration-2 hover:underline-offset-4 active:scale-100 duration-150 h-11 px-8 [&_svg]:size-5",
    "sm": "inline-flex items-center justify-center gap-2 whitespace-nowrap rounded-lg text-sm transition-all duration-200 motion-safe:active:scale-95 disabled:pointer-events-none disabled:opacity-50 [&_svg]:pointer-events-none [&_svg]:shrink-0 text-link font-medium underline underline-offset-[3px] decoration-1 hover:decoration-2 hover:underline-offset-4 active:scale-100 duration-150 h-9 px-3 text-xs [&_svg]:size-3.5",
  },
  "outline": {
    "default": "inline-flex items-center justify-center gap-2 whitespace-nowrap rounded-lg text-sm transition-all duration-200 motion-safe:active:scale-95 disabled:pointer-events-none disabled:opacity-50 [&_svg]:pointer-events-none [&_svg]:shrink-0 border border-input bg-background text-foreground font-medium shadow-sm hover:bg-accent hover:text-accent-foreground h-10 px-4 py-2 [&_svg]:size-4",
    "hero": "inline-flex items-center justify-center gap-2 whitespace-nowrap rounded-lg text-sm transition-all duration-200 motion-safe:active:scale-95 disabled:pointer-events-none disabled:opacity-50 [&_svg]:pointer-events-none [&_svg]:shrink-0 border border-input bg-background text-foreground font-medium shadow-sm hover:bg-accent hover:text-accent-foreground h-12 px-6 text-base gap-3 shadow-lg [&_svg]:size-5",
    "icon": "inline-flex items-center justify-center gap-2 whitespace-nowrap rounded-lg text-sm transition-all duration-200 motion-safe:active:scale-95 disabled:pointer-events-none disabled:opacity-50 [&_svg]:pointer-events-none [&_svg]:shrink-0 border border-input bg-background text-foreground font-medium shadow-sm hover:bg-accent hover:text-accent-foreground h-10 w-10 [&_svg]:size-5",
    "icon-sm": "inline-flex items-center justify-center gap-2 whitespace-nowrap rounded-lg text-sm transition-all duration-200 motion-safe:active:scale-95 disabled:pointer-events-none disabled:opacity-50 [&_svg]:pointer-events-none [&_svg]:shrink-0 border border-input bg-background text-foreground font-medium shadow-sm hover:bg-accent hover:text-accent-foreground h-8 w-8 [&_svg]:size-4",
    "icon-xs": "inline-flex items-center justify-center gap-2 whitespace-nowrap rounded-lg text-sm transition-all duration-200 motion-safe:active:scale-95 disabled:pointer-events-none disabled:opacity-50 [&_svg]:pointer-events-none [&_svg]:shrink-0 border border-input bg-background text-foreground font-medium shadow-sm hover:bg-accent hover:text-accent-foreground h-7 w-7 [&_svg]:size-3.5",
    "lg": "inline-flex items-center justify-center gap-2 whitespace-nowrap rounded-lg text-sm transition-all duration-200 motion-safe:active:scale-95 disabled:pointer-events-none disabled:opacity-50 [&_svg]:pointer-events-none [&_svg]:shrink-0 border border-input bg-background text-foreground font-medium shadow-sm hover:bg-accent hover:text-accent-foreground h-11 px-8 [&_svg]:size-5",
    "sm": "inline-flex items-center justify-center gap-2 whitespace-nowrap rounded-lg text-sm transition-all duration-200 motion-safe:active:scale-95 disabled:pointer-events-none disabled:opacity-50 [&_svg]:pointer-events-none [&_svg]:shrink-0 border border-input bg-background text-foreground font-medium shadow-sm hover:bg-accent hover:text-accent-foreground h-9 px-3 text-xs [&_svg]:size-3.5",
  },
  "secondary": {
    "default": "inline-flex items-center justify-center gap-2 whitespace-nowrap rounded-lg text-sm transition-all duration-200 motion-safe:active:scale-95 disabled:pointer-events-none disabled:opacity-50 [&_svg]:pointer-events-none [&_svg]:shrink-0 bg-secondary text-secondary-foreground font-medium shadow-sm hover:bg-secondary/90 h-10 px-4 py-2 [&_svg]:size-4",
    "hero": "inline-flex items-center justify-center gap-2 whitespace-nowrap rounded-lg text-sm transition-all duration-200 motion-safe:active:scale-95 disabled:pointer-events-none disabled:opacity-50 [&_svg]:pointer-events-none [&_svg]:shrink-0 bg-secondary text-secondary-foreground font-medium shadow-sm hover:bg-secondary/90 h-12 px-6 text-base gap-3 shadow-lg [&_svg]:size-5",
    "icon": "inline-flex items-center justify-center gap-2 whitespace-nowrap rounded-lg text-sm transition-all duration-200 motion-safe:active:scale-95 disabled:pointer-events-none disabled:opacity-50 [&_svg]:pointer-events-none [&_svg]:shrink-0 bg-secondary text-secondary-foreground font-medium shadow-sm hover:bg-secondary/90 h-10 w-10 [&_svg]:size-5",
    "icon-sm": "inline-flex items-center justify-center gap-2 whitespace-nowrap rounded-lg text-sm transition-all duration-200 motion-safe:active:scale-95 disabled:pointer-events-none disabled:opacity-50 [&_svg]:pointer-events-none [&_svg]:shrink-0 bg-secondary text-secondary-foreground font-medium shadow-sm hover:bg-secondary/90 h-8 w-8 [&_svg]:size-4",
    "icon-xs": "inline-flex items-center justify-center gap-2 whitespace-nowrap rounded-lg text-sm transition-all duration-200 motion-safe:active:scale-95 disabled:pointer-events-none disabled:opacity-50 [&_svg]:pointer-events-none [&_svg]:shrink-0 bg-secondary text-secondary-foreground font-medium shadow-sm hover:bg-secondary/90 h-7 w-7 [&_svg]:size-3.5",
    "lg": "inline-flex items-center justify-center gap-2 whitespace-nowrap rounded-lg text-sm transition-all duration-200 motion-safe:active:scale-95 disabled:pointer-events-none disabled:opacity-50 [&_svg]:pointer-events-none [&_svg]:shrink-0 bg-secondary text-secondary-foreground font-medium shadow-sm hover:bg-secondary/90 h-11 px-8 [&_svg]:size-5",
    "sm": "inline-flex items-center justify-center gap-2 whitespace-nowrap rounded-lg text-sm transition-all duration-200 motion-safe:active:scale-95 disabled:pointer-events-none disabled:opacity-50 [&_svg]:pointer-events-none [&_svg]:shrink-0 bg-secondary text-secondary-foreground font-medium shadow-sm hover:bg-secondary/90 h-9 px-3 text-xs [&_svg]:size-3.5",
  },
  "success": {
    "default": "inline-flex items-center justify-center gap-2 whitespace-nowrap rounded-lg text-sm transition-all duration-200 motion-safe:active:scale-95 disabled:pointer-events-none disabled:opacity-50 [&_svg]:pointer-events-none [&_svg]:shrink-0 bg-success text-success-foreground font-semibold tracking-tight shadow hover:bg-success/90 motion-safe:hover:-translate-y-px hover:shadow-md h-10 px-4 py-2 [&_svg]:size-4",
    "hero": "inline-flex items-center justify-center gap-2 whitespace-nowrap rounded-lg text-sm transition-all duration-200 motion-safe:active:scale-95 disabled:pointer-events-none disabled:opacity-50 [&_svg]:pointer-events-none [&_svg]:shrink-0 bg-success text-success-foreground font-semibold tracking-tight shadow hover:bg-success/90 motion-safe:hover:-translate-y-px hover:shadow-md h-12 px-6 text-base gap-3 shadow-lg [&_svg]:size-5",
    "icon": "inline-flex items-center justify-center gap-2 whitespace-nowrap rounded-lg text-sm transition-all duration-200 motion-safe:active:scale-95 disabled:pointer-events-none disabled:opacity-50 [&_svg]:pointer-events-none [&_svg]:shrink-0 bg-success text-success-foreground font-semibold tracking-tight shadow hover:bg-success/90 motion-safe:hover:-translate-y-px hover:shadow-md h-10 w-10 [&_svg]:size-5",
    "icon-sm": "inline-flex items-center justify-center gap-2 whitespace-nowrap rounded-lg text-sm transition-all duration-200 motion-safe:active:scale-95 disabled:pointer-events-none disabled:opacity-50 [&_svg]:pointer-events-none [&_svg]:shrink-0 bg-success text-success-foreground font-semibold tracking-tight shadow hover:bg-success/90 motion-safe:hover:-translate-y-px hover:shadow-md h-8 w-8 [&_svg]:size-4",
    "icon-xs": "inline-flex items-center justify-center gap-2 whitespace-nowrap rounded-lg text-sm transition-all duration-200 motion-safe:active:scale-95 disabled:pointer-events-none disabled:opacity-50 [&_svg]:pointer-events-none [&_svg]:shrink-0 bg-success text-success-foreground font-semibold tracking-tight shadow hover:bg-success/90 motion-safe:hover:-translate-y-px hover:shadow-md h-7 w-7 [&_svg]:size-3.5",
    "lg": "inline-flex items-center justify-center gap-2 whitespace-nowrap rounded-lg text-sm transition-all duration-200 motion-safe:active:scale-95 disabled:pointer-events-none disabled:opacity-50 [&_svg]:pointer-events-none [&_svg]:shrink-0 bg-success text-success-foreground font-semibold tracking-tight shadow hover:bg-success/90 motion-safe:hover:-translate-y-px hover:shadow-md h-11 px-8 [&_svg]:size-5",
    "sm": "inline-flex items-center justify-center gap-2 whitespace-nowrap rounded-lg text-sm transition-all duration-200 motion-safe:active:scale-95 disabled:pointer-events-none disabled:opacity-50 [&_svg]:pointer-events-none [&_svg]:shrink-0 bg-success text-success-foreground font-semibold tracking-tight shadow hover:bg-success/90 motion-safe:hover:-translate-y-px hover:shadow-md h-9 px-3 text-xs [&_svg]:size-3.5",
  },
}
`;
